error: expected an array, but found `{}`
 --> tests/ui/bad_array1.rs:6:12
  |
6 |     many = {}
  |            ^^
