error: expected `=` following `howdy`
 --> $DIR/just_ident.rs:6:5
  |
6 |     howdy
  |     ^^^^^
