error: expected `=`, but found `there`
 --> $DIR/no_equals.rs:6:8
  |
6 |     hi there
  |        ^^^^^
